core_cm4.h:2064:26:ITM_SendChar	16	static,ignoring_inline_asm
syscalls.c:48:6:initialise_monitor_handles	4	static
syscalls.c:52:5:_getpid	4	static
syscalls.c:57:5:_kill	16	static
syscalls.c:63:6:_exit	16	static
syscalls.c:69:27:_read	32	static
syscalls.c:81:27:_write	32	static
syscalls.c:101:5:_close	16	static
syscalls.c:107:5:_fstat	16	static
syscalls.c:113:5:_isatty	16	static
syscalls.c:118:5:_lseek	24	static
syscalls.c:123:5:_open	12	static
syscalls.c:129:5:_wait	16	static
syscalls.c:135:5:_unlink	16	static
syscalls.c:141:5:_times	16	static
syscalls.c:146:5:_stat	16	static
syscalls.c:152:5:_link	16	static
syscalls.c:158:5:_fork	8	static
syscalls.c:164:5:_execve	24	static
